==21238== Memcheck, a memory error detector
==21238== Copyright (C) 2002-2024, and GNU GPL'd, by Julian Seward et al.
==21238== Using Valgrind-3.25.1 and LibVEX; rerun with -h for copyright info
==21238== Command: ././my_grep -e for -e ^int my_grep.c my_grep.h Makefile -l
==21238== Parent PID: 20492
==21238== 
==21238== 
==21238== Process terminating with default action of signal 2 (SIGINT)
==21238==    at 0x402A43C: __open_nocancel (open64_nocancel.c:39)
==21238==    by 0x400C63B: open_verify.constprop.0 (dl-load.c:1573)
==21238==    by 0x400FC71: _dl_map_new_object (dl-load.c:2121)
==21238==    by 0x4024728: map_doit (rtld.c:645)
==21238==    by 0x40083E5: _dl_catch_exception (dl-catch.c:241)
==21238==    by 0x4008512: _dl_catch_error (dl-catch.c:260)
==21238==    by 0x402481E: do_preload (rtld.c:800)
==21238==    by 0x40257F3: handle_preload_list (rtld.c:876)
==21238==    by 0x4028942: dl_main (rtld.c:1827)
==21238==    by 0x4024052: _dl_sysdep_start (dl-sysdep.c:140)
==21238==    by 0x40256C0: _dl_start_final (rtld.c:497)
==21238==    by 0x40256C0: _dl_start (rtld.c:582)
==21238==    by 0x40245C7: ??? (in /usr/lib/ld-linux-x86-64.so.2)
==21238== 
==21238== HEAP SUMMARY:
==21238==     in use at exit: 0 bytes in 0 blocks
==21238==   total heap usage: 0 allocs, 0 frees, 0 bytes allocated
==21238== 
==21238== All heap blocks were freed -- no leaks are possible
==21238== 
==21238== For lists of detected and suppressed errors, rerun with: -s
==21238== ERROR SUMMARY: 0 errors from 0 contexts (suppressed: 0 from 0)
